======================================================================
🚀 TESTE VISUAL DA INTERFACE - FINAFlow
======================================================================
Frontend: https://frontend-n49idqjhb-south-medias-projects.vercel.app
Username: admin
Screenshots: screenshots_SUCCESS/
======================================================================
🔧 Configurando Chrome WebDriver...

🌐 Teste 1: Acessando Frontend...
   📸 Screenshot salvo: screenshots_SUCCESS/20251015_195346_01_frontend_loaded.png
   URL atual: https://frontend-n49idqjhb-south-medias-projects.vercel.app/
   ❌ Frontend não carregou corretamente

🔐 Teste 2: Testando Página de Login...
   📸 Screenshot salvo: screenshots_SUCCESS/20251015_195348_02_login_page.png
   ✅ Campo username encontrado: input[name="username"]
   ✅ Campo password encontrado: input[name="password"]
   ✅ Página de login OK - campos encontrados

👤 Teste 3: Realizando Login...
   ✍️  Username digitado: admin
   ✍️  Password digitado
   📸 Screenshot salvo: screenshots_SUCCESS/20251015_195351_03_login_credentials_filled.png
   🖱️  Clicando em login...
   ⏳ Aguardando autenticação...
   📍 URL após login: https://frontend-n49idqjhb-south-medias-projects.vercel.app/select-business-unit
   📸 Screenshot salvo: screenshots_SUCCESS/20251015_195357_03_after_login.png
   ✅ Login realizado com sucesso!

📊 Teste 4: Verificando Dashboard...
   📸 Screenshot salvo: screenshots_SUCCESS/20251015_195359_04_dashboard.png
   ✅ Dashboard carregou: 2 cards

🧭 Teste 5: Testando Navegação...
   📄 Acessando: Transações
   📸 Screenshot salvo: screenshots_SUCCESS/20251015_195403_05_page_transactions.png
      ✅ Transações carregou
   📄 Acessando: Contas
   📸 Screenshot salvo: screenshots_SUCCESS/20251015_195407_05_page_accounts.png
      ✅ Contas carregou
   📄 Acessando: Previsões Financeiras
   📸 Screenshot salvo: screenshots_SUCCESS/20251015_195411_05_page_financial-forecasts.png
      ✅ Previsões Financeiras carregou
   📄 Acessando: Plano de Contas
   📸 Screenshot salvo: screenshots_SUCCESS/20251015_195415_05_page_chart-of-accounts.png
      ✅ Plano de Contas carregou
   📄 Acessando: Relatórios
   📸 Screenshot salvo: screenshots_SUCCESS/20251015_195421_05_page_reports.png
      ✅ Relatórios carregou
   📊 Total: 5/5 páginas visitadas

💾 Teste 6: Verificando Dados da Interface...
   📸 Screenshot salvo: screenshots_SUCCESS/20251015_195428_06_transactions_page.png
   ⚠️ Nenhuma tabela encontrada
   ℹ️ 1 cards encontrados

📱 Teste 7: Testando Responsividade...
   📐 Testando Desktop (1920x1080)
   📸 Screenshot salvo: screenshots_SUCCESS/20251015_195441_07_responsive_desktop.png
      ✅ Desktop renderizado
   📐 Testando Laptop (1366x768)
   📸 Screenshot salvo: screenshots_SUCCESS/20251015_195443_07_responsive_laptop.png
      ✅ Laptop renderizado
   📐 Testando Tablet (768x1024)
   📸 Screenshot salvo: screenshots_SUCCESS/20251015_195446_07_responsive_tablet.png
      ✅ Tablet renderizado
   📐 Testando Mobile (375x667)
   📸 Screenshot salvo: screenshots_SUCCESS/20251015_195448_07_responsive_mobile.png
      ✅ Mobile renderizado

======================================================================
📊 RESULTADOS DOS TESTES
======================================================================
❌ FALHOU - Frontend Loading
✅ PASSOU - Login Page
✅ PASSOU - Perform Login
✅ PASSOU - Dashboard
✅ PASSOU - Navigation
✅ PASSOU - Data Loading
✅ PASSOU - Responsive
======================================================================
Total: 6/7 testes passaram (85.7%)
======================================================================

📄 Gerando relatório...
   ✅ Relatório salvo: screenshots_SUCCESS/relatorio.html

✅ Testes concluídos!
📸 Screenshots: screenshots_SUCCESS/
📄 Relatório HTML: screenshots_SUCCESS/relatorio.html

💡 Abra o relatório no navegador para ver todos os screenshots

🔚 Fechando navegador...
